
https://www.loc.gov/item/sn84022168/?fo=json
https://www.loc.gov/item/2018270500/?fo=json
https://www.loc.gov/item/sn89053713/?fo=json
https://www.loc.gov/item/sn91068345/?fo=json
https://www.loc.gov/item/sn86053488/?fo=json
https://www.loc.gov/item/sn84026925/?fo=json
https://www.loc.gov/item/sn91037345/?fo=json
https://www.loc.gov/item/sn87065297/?fo=json
https://www.loc.gov/item/sn87065408/?fo=json
https://www.loc.gov/item/sn87065649/?fo=json